[33mgpu id (to use): 2[0m
[33mTrain mode[0m
[2025-06-23 02:16:25,863][diffusion_policy.model.diffusion.conditional_unet1d][INFO] - number of parameters: 8.562472e+07
data/empty_cup_place_L515_50.zarr empty_cup_place
wandb: Currently logged in as: yuhao_zh (yuhao_zh-sjtu-icec) to https://api.bandw.top. Use `wandb login --relogin` to force relogin
wandb: creating run
wandb: Tracking run with wandb version 0.20.1
wandb: Run data is saved locally in /data/user/xcs/yuhao/3d-aware/RoboTwin/policy/My-Policy/data/outputs/2025.06.23/02.16.22_robot_empty_cup_place_empty_cup_place/wandb/run-20250623_021629-e4f1j8eg
wandb: Run `wandb offline` to turn off syncing.
wandb: Syncing run 2025.06.23-02.16.22_robot_empty_cup_place_empty_cup_place
wandb: ⭐️ View project at https://app.bandw.top/yuhao_zh-sjtu-icec/diffusion_policy_debug
wandb: 🚀 View run at https://app.bandw.top/yuhao_zh-sjtu-icec/diffusion_policy_debug/runs/e4f1j8eg
Training epoch 0:   0%|          | 0/103 [00:00<?, ?it/s]self.params_dict dict_keys(['action', 'agent_pos', 'head_cam', 'front_cam', 'left_cam', 'right_cam'])
key head_cam
                                                         Error executing job with overrides: ['task.name=empty_cup_place', 'task.dataset.zarr_path=data/empty_cup_place_L515_50.zarr', 'training.debug=False', 'training.seed=0', 'training.device=cuda:0', 'exp_name=empty_cup_place-robot_dp-train', 'logging.mode=online', 'head_camera_type=L515', 'expert_data_num=50']
Traceback (most recent call last):
  File "/data/user/xcs/yuhao/3d-aware/RoboTwin/policy/My-Policy/train.py", line 57, in <module>
    main()
  File "/data/user/xcs/miniconda3/envs/vggt/lib/python3.10/site-packages/hydra/main.py", line 90, in decorated_main
    _run_hydra(
  File "/data/user/xcs/miniconda3/envs/vggt/lib/python3.10/site-packages/hydra/_internal/utils.py", line 389, in _run_hydra
    _run_app(
  File "/data/user/xcs/miniconda3/envs/vggt/lib/python3.10/site-packages/hydra/_internal/utils.py", line 452, in _run_app
    run_and_report(
  File "/data/user/xcs/miniconda3/envs/vggt/lib/python3.10/site-packages/hydra/_internal/utils.py", line 216, in run_and_report
    raise ex
  File "/data/user/xcs/miniconda3/envs/vggt/lib/python3.10/site-packages/hydra/_internal/utils.py", line 213, in run_and_report
    return func()
  File "/data/user/xcs/miniconda3/envs/vggt/lib/python3.10/site-packages/hydra/_internal/utils.py", line 453, in <lambda>
    lambda: hydra.run(
  File "/data/user/xcs/miniconda3/envs/vggt/lib/python3.10/site-packages/hydra/_internal/hydra.py", line 132, in run
    _ = ret.return_value
  File "/data/user/xcs/miniconda3/envs/vggt/lib/python3.10/site-packages/hydra/core/utils.py", line 260, in return_value
    raise self._return_value
  File "/data/user/xcs/miniconda3/envs/vggt/lib/python3.10/site-packages/hydra/core/utils.py", line 186, in run_job
    ret.return_value = task_function(task_cfg)
  File "/data/user/xcs/yuhao/3d-aware/RoboTwin/policy/My-Policy/train.py", line 54, in main
    workspace.run()
  File "/data/user/xcs/yuhao/3d-aware/RoboTwin/policy/My-Policy/diffusion_policy/workspace/robotworkspace.py", line 173, in run
    raw_loss = self.model.compute_loss(batch)
  File "/data/user/xcs/yuhao/3d-aware/RoboTwin/policy/My-Policy/diffusion_policy/policy/diffusion_unet_image_policy.py", line 195, in compute_loss
    nobs = self.normalizer.normalize(batch['obs'])
  File "/data/user/xcs/yuhao/3d-aware/RoboTwin/policy/My-Policy/diffusion_policy/model/common/normalizer.py", line 71, in normalize
    return self._normalize_impl(x, forward=True)
  File "/data/user/xcs/yuhao/3d-aware/RoboTwin/policy/My-Policy/diffusion_policy/model/common/normalizer.py", line 61, in _normalize_impl
    print("params", params.device)
  File "/data/user/xcs/miniconda3/envs/vggt/lib/python3.10/site-packages/torch/nn/modules/module.py", line 1709, in __getattr__
    raise AttributeError(f"'{type(self).__name__}' object has no attribute '{name}'")
AttributeError: 'ParameterDict' object has no attribute 'device'
Traceback (most recent call last):
  File "/data/user/xcs/yuhao/3d-aware/RoboTwin/policy/My-Policy/train.py", line 57, in <module>
    main()
  File "/data/user/xcs/miniconda3/envs/vggt/lib/python3.10/site-packages/hydra/main.py", line 90, in decorated_main
    _run_hydra(
  File "/data/user/xcs/miniconda3/envs/vggt/lib/python3.10/site-packages/hydra/_internal/utils.py", line 389, in _run_hydra
    _run_app(
  File "/data/user/xcs/miniconda3/envs/vggt/lib/python3.10/site-packages/hydra/_internal/utils.py", line 452, in _run_app
    run_and_report(
  File "/data/user/xcs/miniconda3/envs/vggt/lib/python3.10/site-packages/hydra/_internal/utils.py", line 216, in run_and_report
    raise ex
  File "/data/user/xcs/miniconda3/envs/vggt/lib/python3.10/site-packages/hydra/_internal/utils.py", line 213, in run_and_report
    return func()
  File "/data/user/xcs/miniconda3/envs/vggt/lib/python3.10/site-packages/hydra/_internal/utils.py", line 453, in <lambda>
    lambda: hydra.run(
  File "/data/user/xcs/miniconda3/envs/vggt/lib/python3.10/site-packages/hydra/_internal/hydra.py", line 132, in run
    _ = ret.return_value
  File "/data/user/xcs/miniconda3/envs/vggt/lib/python3.10/site-packages/hydra/core/utils.py", line 260, in return_value
    raise self._return_value
  File "/data/user/xcs/miniconda3/envs/vggt/lib/python3.10/site-packages/hydra/core/utils.py", line 186, in run_job
    ret.return_value = task_function(task_cfg)
  File "/data/user/xcs/yuhao/3d-aware/RoboTwin/policy/My-Policy/train.py", line 54, in main
    workspace.run()
  File "/data/user/xcs/yuhao/3d-aware/RoboTwin/policy/My-Policy/diffusion_policy/workspace/robotworkspace.py", line 173, in run
    raw_loss = self.model.compute_loss(batch)
  File "/data/user/xcs/yuhao/3d-aware/RoboTwin/policy/My-Policy/diffusion_policy/policy/diffusion_unet_image_policy.py", line 195, in compute_loss
    nobs = self.normalizer.normalize(batch['obs'])
  File "/data/user/xcs/yuhao/3d-aware/RoboTwin/policy/My-Policy/diffusion_policy/model/common/normalizer.py", line 71, in normalize
    return self._normalize_impl(x, forward=True)
  File "/data/user/xcs/yuhao/3d-aware/RoboTwin/policy/My-Policy/diffusion_policy/model/common/normalizer.py", line 61, in _normalize_impl
    print("params", params.device)
  File "/data/user/xcs/miniconda3/envs/vggt/lib/python3.10/site-packages/torch/nn/modules/module.py", line 1709, in __getattr__
    raise AttributeError(f"'{type(self).__name__}' object has no attribute '{name}'")
AttributeError: 'ParameterDict' object has no attribute 'device'
[1;34mwandb[0m: 
[1;34mwandb[0m: 🚀 View run [33m2025.06.23-02.16.22_robot_empty_cup_place_empty_cup_place[0m at: [34mhttps://app.bandw.top/yuhao_zh-sjtu-icec/diffusion_policy_debug/runs/e4f1j8eg[0m
[1;34mwandb[0m: Find logs at: [1;35mdata/outputs/2025.06.23/02.16.22_robot_empty_cup_place_empty_cup_place/wandb/run-20250623_021629-e4f1j8eg/logs[0m
