render ok
============= Camera Config =============

Head Camera Config:
    type: L515
    fovy: 45
    camera_w: 320
    camera_h: 180
Wrist Camera Config:
    type: L515
    fovy: 45
    camera_w: 320
    camera_h: 180
Front Camera Config:
    type: L515
    fovy: 45
    camera_w: 320
    camera_h: 180

=======================================
workspace.model DiffusionUnetImagePolicy(
  (obs_encoder): MultiImageObsEncoder(
    (fast_vggt_model): VGGTPredictor(
      (head_encoder): Sequential(
        (0): Conv2d(3, 64, kernel_size=(7, 7), stride=(2, 2), padding=(3, 3), bias=False)
        (1): BatchNorm2d(64, eps=1e-05, momentum=0.1, affine=True, track_running_stats=True)
        (2): ReLU(inplace=True)
        (3): MaxPool2d(kernel_size=3, stride=2, padding=1, dilation=1, ceil_mode=False)
        (4): Sequential(
          (0): BasicBlock(
            (conv1): Conv2d(64, 64, kernel_size=(3, 3), stride=(1, 1), padding=(1, 1), bias=False)
            (bn1): BatchNorm2d(64, eps=1e-05, momentum=0.1, affine=True, track_running_stats=True)
            (relu): ReLU(inplace=True)
            (conv2): Conv2d(64, 64, kernel_size=(3, 3), stride=(1, 1), padding=(1, 1), bias=False)
            (bn2): BatchNorm2d(64, eps=1e-05, momentum=0.1, affine=True, track_running_stats=True)
          )
          (1): BasicBlock(
            (conv1): Conv2d(64, 64, kernel_size=(3, 3), stride=(1, 1), padding=(1, 1), bias=False)
            (bn1): BatchNorm2d(64, eps=1e-05, momentum=0.1, affine=True, track_running_stats=True)
            (relu): ReLU(inplace=True)
            (conv2): Conv2d(64, 64, kernel_size=(3, 3), stride=(1, 1), padding=(1, 1), bias=False)
            (bn2): BatchNorm2d(64, eps=1e-05, momentum=0.1, affine=True, track_running_stats=True)
          )
        )
        (5): Sequential(
          (0): BasicBlock(
            (conv1): Conv2d(64, 128, kernel_size=(3, 3), stride=(2, 2), padding=(1, 1), bias=False)
            (bn1): BatchNorm2d(128, eps=1e-05, momentum=0.1, affine=True, track_running_stats=True)
            (relu): ReLU(inplace=True)
            (conv2): Conv2d(128, 128, kernel_size=(3, 3), stride=(1, 1), padding=(1, 1), bias=False)
            (bn2): BatchNorm2d(128, eps=1e-05, momentum=0.1, affine=True, track_running_stats=True)
            (downsample): Sequential(
              (0): Conv2d(64, 128, kernel_size=(1, 1), stride=(2, 2), bias=False)
              (1): BatchNorm2d(128, eps=1e-05, momentum=0.1, affine=True, track_running_stats=True)
            )
          )
          (1): BasicBlock(
            (conv1): Conv2d(128, 128, kernel_size=(3, 3), stride=(1, 1), padding=(1, 1), bias=False)
            (bn1): BatchNorm2d(128, eps=1e-05, momentum=0.1, affine=True, track_running_stats=True)
            (relu): ReLU(inplace=True)
            (conv2): Conv2d(128, 128, kernel_size=(3, 3), stride=(1, 1), padding=(1, 1), bias=False)
            (bn2): BatchNorm2d(128, eps=1e-05, momentum=0.1, affine=True, track_running_stats=True)
          )
        )
        (6): Sequential(
          (0): BasicBlock(
            (conv1): Conv2d(128, 256, kernel_size=(3, 3), stride=(2, 2), padding=(1, 1), bias=False)
            (bn1): BatchNorm2d(256, eps=1e-05, momentum=0.1, affine=True, track_running_stats=True)
            (relu): ReLU(inplace=True)
            (conv2): Conv2d(256, 256, kernel_size=(3, 3), stride=(1, 1), padding=(1, 1), bias=False)
            (bn2): BatchNorm2d(256, eps=1e-05, momentum=0.1, affine=True, track_running_stats=True)
            (downsample): Sequential(
              (0): Conv2d(128, 256, kernel_size=(1, 1), stride=(2, 2), bias=False)
              (1): BatchNorm2d(256, eps=1e-05, momentum=0.1, affine=True, track_running_stats=True)
            )
          )
          (1): BasicBlock(
            (conv1): Conv2d(256, 256, kernel_size=(3, 3), stride=(1, 1), padding=(1, 1), bias=False)
            (bn1): BatchNorm2d(256, eps=1e-05, momentum=0.1, affine=True, track_running_stats=True)
            (relu): ReLU(inplace=True)
            (conv2): Conv2d(256, 256, kernel_size=(3, 3), stride=(1, 1), padding=(1, 1), bias=False)
            (bn2): BatchNorm2d(256, eps=1e-05, momentum=0.1, affine=True, track_running_stats=True)
          )
        )
        (7): Sequential(
          (0): BasicBlock(
            (conv1): Conv2d(256, 512, kernel_size=(3, 3), stride=(2, 2), padding=(1, 1), bias=False)
            (bn1): BatchNorm2d(512, eps=1e-05, momentum=0.1, affine=True, track_running_stats=True)
            (relu): ReLU(inplace=True)
            (conv2): Conv2d(512, 512, kernel_size=(3, 3), stride=(1, 1), padding=(1, 1), bias=False)
            (bn2): BatchNorm2d(512, eps=1e-05, momentum=0.1, affine=True, track_running_stats=True)
            (downsample): Sequential(
              (0): Conv2d(256, 512, kernel_size=(1, 1), stride=(2, 2), bias=False)
              (1): BatchNorm2d(512, eps=1e-05, momentum=0.1, affine=True, track_running_stats=True)
            )
          )
          (1): BasicBlock(
            (conv1): Conv2d(512, 512, kernel_size=(3, 3), stride=(1, 1), padding=(1, 1), bias=False)
            (bn1): BatchNorm2d(512, eps=1e-05, momentum=0.1, affine=True, track_running_stats=True)
            (relu): ReLU(inplace=True)
            (conv2): Conv2d(512, 512, kernel_size=(3, 3), stride=(1, 1), padding=(1, 1), bias=False)
            (bn2): BatchNorm2d(512, eps=1e-05, momentum=0.1, affine=True, track_running_stats=True)
          )
        )
        (8): AdaptiveAvgPool2d(output_size=(1, 1))
      )
      (front_encoder): Sequential(
        (0): Conv2d(3, 64, kernel_size=(7, 7), stride=(2, 2), padding=(3, 3), bias=False)
        (1): BatchNorm2d(64, eps=1e-05, momentum=0.1, affine=True, track_running_stats=True)
        (2): ReLU(inplace=True)
        (3): MaxPool2d(kernel_size=3, stride=2, padding=1, dilation=1, ceil_mode=False)
        (4): Sequential(
          (0): BasicBlock(
            (conv1): Conv2d(64, 64, kernel_size=(3, 3), stride=(1, 1), padding=(1, 1), bias=False)
            (bn1): BatchNorm2d(64, eps=1e-05, momentum=0.1, affine=True, track_running_stats=True)
            (relu): ReLU(inplace=True)
            (conv2): Conv2d(64, 64, kernel_size=(3, 3), stride=(1, 1), padding=(1, 1), bias=False)
            (bn2): BatchNorm2d(64, eps=1e-05, momentum=0.1, affine=True, track_running_stats=True)
          )
          (1): BasicBlock(
            (conv1): Conv2d(64, 64, kernel_size=(3, 3), stride=(1, 1), padding=(1, 1), bias=False)
            (bn1): BatchNorm2d(64, eps=1e-05, momentum=0.1, affine=True, track_running_stats=True)
            (relu): ReLU(inplace=True)
            (conv2): Conv2d(64, 64, kernel_size=(3, 3), stride=(1, 1), padding=(1, 1), bias=False)
            (bn2): BatchNorm2d(64, eps=1e-05, momentum=0.1, affine=True, track_running_stats=True)
          )
        )
        (5): Sequential(
          (0): BasicBlock(
            (conv1): Conv2d(64, 128, kernel_size=(3, 3), stride=(2, 2), padding=(1, 1), bias=False)
            (bn1): BatchNorm2d(128, eps=1e-05, momentum=0.1, affine=True, track_running_stats=True)
            (relu): ReLU(inplace=True)
            (conv2): Conv2d(128, 128, kernel_size=(3, 3), stride=(1, 1), padding=(1, 1), bias=False)
            (bn2): BatchNorm2d(128, eps=1e-05, momentum=0.1, affine=True, track_running_stats=True)
            (downsample): Sequential(
              (0): Conv2d(64, 128, kernel_size=(1, 1), stride=(2, 2), bias=False)
              (1): BatchNorm2d(128, eps=1e-05, momentum=0.1, affine=True, track_running_stats=True)
            )
          )
          (1): BasicBlock(
            (conv1): Conv2d(128, 128, kernel_size=(3, 3), stride=(1, 1), padding=(1, 1), bias=False)
            (bn1): BatchNorm2d(128, eps=1e-05, momentum=0.1, affine=True, track_running_stats=True)
            (relu): ReLU(inplace=True)
            (conv2): Conv2d(128, 128, kernel_size=(3, 3), stride=(1, 1), padding=(1, 1), bias=False)
            (bn2): BatchNorm2d(128, eps=1e-05, momentum=0.1, affine=True, track_running_stats=True)
          )
        )
        (6): Sequential(
          (0): BasicBlock(
            (conv1): Conv2d(128, 256, kernel_size=(3, 3), stride=(2, 2), padding=(1, 1), bias=False)
            (bn1): BatchNorm2d(256, eps=1e-05, momentum=0.1, affine=True, track_running_stats=True)
            (relu): ReLU(inplace=True)
            (conv2): Conv2d(256, 256, kernel_size=(3, 3), stride=(1, 1), padding=(1, 1), bias=False)
            (bn2): BatchNorm2d(256, eps=1e-05, momentum=0.1, affine=True, track_running_stats=True)
            (downsample): Sequential(
              (0): Conv2d(128, 256, kernel_size=(1, 1), stride=(2, 2), bias=False)
              (1): BatchNorm2d(256, eps=1e-05, momentum=0.1, affine=True, track_running_stats=True)
            )
          )
          (1): BasicBlock(
            (conv1): Conv2d(256, 256, kernel_size=(3, 3), stride=(1, 1), padding=(1, 1), bias=False)
            (bn1): BatchNorm2d(256, eps=1e-05, momentum=0.1, affine=True, track_running_stats=True)
            (relu): ReLU(inplace=True)
            (conv2): Conv2d(256, 256, kernel_size=(3, 3), stride=(1, 1), padding=(1, 1), bias=False)
            (bn2): BatchNorm2d(256, eps=1e-05, momentum=0.1, affine=True, track_running_stats=True)
          )
        )
        (7): Sequential(
          (0): BasicBlock(
            (conv1): Conv2d(256, 512, kernel_size=(3, 3), stride=(2, 2), padding=(1, 1), bias=False)
            (bn1): BatchNorm2d(512, eps=1e-05, momentum=0.1, affine=True, track_running_stats=True)
            (relu): ReLU(inplace=True)
            (conv2): Conv2d(512, 512, kernel_size=(3, 3), stride=(1, 1), padding=(1, 1), bias=False)
            (bn2): BatchNorm2d(512, eps=1e-05, momentum=0.1, affine=True, track_running_stats=True)
            (downsample): Sequential(
              (0): Conv2d(256, 512, kernel_size=(1, 1), stride=(2, 2), bias=False)
              (1): BatchNorm2d(512, eps=1e-05, momentum=0.1, affine=True, track_running_stats=True)
            )
          )
          (1): BasicBlock(
            (conv1): Conv2d(512, 512, kernel_size=(3, 3), stride=(1, 1), padding=(1, 1), bias=False)
            (bn1): BatchNorm2d(512, eps=1e-05, momentum=0.1, affine=True, track_running_stats=True)
            (relu): ReLU(inplace=True)
            (conv2): Conv2d(512, 512, kernel_size=(3, 3), stride=(1, 1), padding=(1, 1), bias=False)
            (bn2): BatchNorm2d(512, eps=1e-05, momentum=0.1, affine=True, track_running_stats=True)
          )
        )
        (8): AdaptiveAvgPool2d(output_size=(1, 1))
      )
      (vggt_proj): Linear(in_features=2048, out_features=512, bias=True)
      (mlp): Sequential(
        (0): Linear(in_features=1536, out_features=1024, bias=True)
        (1): ReLU()
        (2): Linear(in_features=1024, out_features=1024, bias=True)
        (3): ReLU()
        (4): Linear(in_features=1024, out_features=1024, bias=True)
        (5): ReLU()
      )
      (output_layer): Linear(in_features=1024, out_features=16384, bias=True)
    )
    (vggt_adapter): VGGTAdapter(
      (mlp): Sequential(
        (0): Linear(in_features=16384, out_features=4096, bias=True)
        (1): ReLU()
        (2): Linear(in_features=4096, out_features=512, bias=True)
        (3): ReLU()
      )
    )
    (vggt_model): VGGT(
      (aggregator): Aggregator(
        (patch_embed): DinoVisionTransformer(
          (patch_embed): PatchEmbed(
            (proj): Conv2d(3, 1024, kernel_size=(14, 14), stride=(14, 14))
            (norm): Identity()
          )
          (blocks): ModuleList(
            (0-23): 24 x NestedTensorBlock(
              (norm1): LayerNorm((1024,), eps=1e-06, elementwise_affine=True)
              (attn): MemEffAttention(
                (qkv): Linear(in_features=1024, out_features=3072, bias=True)
                (q_norm): Identity()
                (k_norm): Identity()
                (attn_drop): Dropout(p=0.0, inplace=False)
                (proj): Linear(in_features=1024, out_features=1024, bias=True)
                (proj_drop): Dropout(p=0.0, inplace=False)
              )
              (ls1): LayerScale()
              (drop_path1): Identity()
              (norm2): LayerNorm((1024,), eps=1e-06, elementwise_affine=True)
              (mlp): Mlp(
                (fc1): Linear(in_features=1024, out_features=4096, bias=True)
                (act): GELU(approximate='none')
                (fc2): Linear(in_features=4096, out_features=1024, bias=True)
                (drop): Dropout(p=0.0, inplace=False)
              )
              (ls2): LayerScale()
              (drop_path2): Identity()
            )
          )
          (norm): LayerNorm((1024,), eps=1e-06, elementwise_affine=True)
          (head): Identity()
        )
        (rope): RotaryPositionEmbedding2D()
        (frame_blocks): ModuleList(
          (0-23): 24 x Block(
            (norm1): LayerNorm((1024,), eps=1e-05, elementwise_affine=True)
            (attn): Attention(
              (qkv): Linear(in_features=1024, out_features=3072, bias=True)
              (q_norm): LayerNorm((64,), eps=1e-05, elementwise_affine=True)
              (k_norm): LayerNorm((64,), eps=1e-05, elementwise_affine=True)
              (attn_drop): Dropout(p=0.0, inplace=False)
              (proj): Linear(in_features=1024, out_features=1024, bias=True)
              (proj_drop): Dropout(p=0.0, inplace=False)
              (rope): RotaryPositionEmbedding2D()
            )
            (ls1): LayerScale()
            (drop_path1): Identity()
            (norm2): LayerNorm((1024,), eps=1e-05, elementwise_affine=True)
            (mlp): Mlp(
              (fc1): Linear(in_features=1024, out_features=4096, bias=True)
              (act): GELU(approximate='none')
              (fc2): Linear(in_features=4096, out_features=1024, bias=True)
              (drop): Dropout(p=0.0, inplace=False)
            )
            (ls2): LayerScale()
            (drop_path2): Identity()
          )
        )
        (global_blocks): ModuleList(
          (0-23): 24 x Block(
            (norm1): LayerNorm((1024,), eps=1e-05, elementwise_affine=True)
            (attn): Attention(
              (qkv): Linear(in_features=1024, out_features=3072, bias=True)
              (q_norm): LayerNorm((64,), eps=1e-05, elementwise_affine=True)
              (k_norm): LayerNorm((64,), eps=1e-05, elementwise_affine=True)
              (attn_drop): Dropout(p=0.0, inplace=False)
              (proj): Linear(in_features=1024, out_features=1024, bias=True)
              (proj_drop): Dropout(p=0.0, inplace=False)
              (rope): RotaryPositionEmbedding2D()
            )
            (ls1): LayerScale()
            (drop_path1): Identity()
            (norm2): LayerNorm((1024,), eps=1e-05, elementwise_affine=True)
            (mlp): Mlp(
              (fc1): Linear(in_features=1024, out_features=4096, bias=True)
              (act): GELU(approximate='none')
              (fc2): Linear(in_features=4096, out_features=1024, bias=True)
              (drop): Dropout(p=0.0, inplace=False)
            )
            (ls2): LayerScale()
            (drop_path2): Identity()
          )
        )
      )
      (camera_head): CameraHead(
        (trunk): Sequential(
          (0): Block(
            (norm1): LayerNorm((2048,), eps=1e-05, elementwise_affine=True)
            (attn): Attention(
              (qkv): Linear(in_features=2048, out_features=6144, bias=True)
              (q_norm): Identity()
              (k_norm): Identity()
              (attn_drop): Dropout(p=0.0, inplace=False)
              (proj): Linear(in_features=2048, out_features=2048, bias=True)
              (proj_drop): Dropout(p=0.0, inplace=False)
            )
            (ls1): LayerScale()
            (drop_path1): Identity()
            (norm2): LayerNorm((2048,), eps=1e-05, elementwise_affine=True)
            (mlp): Mlp(
              (fc1): Linear(in_features=2048, out_features=8192, bias=True)
              (act): GELU(approximate='none')
              (fc2): Linear(in_features=8192, out_features=2048, bias=True)
              (drop): Dropout(p=0.0, inplace=False)
            )
            (ls2): LayerScale()
            (drop_path2): Identity()
          )
          (1): Block(
            (norm1): LayerNorm((2048,), eps=1e-05, elementwise_affine=True)
            (attn): Attention(
              (qkv): Linear(in_features=2048, out_features=6144, bias=True)
              (q_norm): Identity()
              (k_norm): Identity()
              (attn_drop): Dropout(p=0.0, inplace=False)
              (proj): Linear(in_features=2048, out_features=2048, bias=True)
              (proj_drop): Dropout(p=0.0, inplace=False)
            )
            (ls1): LayerScale()
            (drop_path1): Identity()
            (norm2): LayerNorm((2048,), eps=1e-05, elementwise_affine=True)
            (mlp): Mlp(
              (fc1): Linear(in_features=2048, out_features=8192, bias=True)
              (act): GELU(approximate='none')
              (fc2): Linear(in_features=8192, out_features=2048, bias=True)
              (drop): Dropout(p=0.0, inplace=False)
            )
            (ls2): LayerScale()
            (drop_path2): Identity()
          )
          (2): Block(
            (norm1): LayerNorm((2048,), eps=1e-05, elementwise_affine=True)
            (attn): Attention(
              (qkv): Linear(in_features=2048, out_features=6144, bias=True)
              (q_norm): Identity()
              (k_norm): Identity()
              (attn_drop): Dropout(p=0.0, inplace=False)
              (proj): Linear(in_features=2048, out_features=2048, bias=True)
              (proj_drop): Dropout(p=0.0, inplace=False)
            )
            (ls1): LayerScale()
            (drop_path1): Identity()
            (norm2): LayerNorm((2048,), eps=1e-05, elementwise_affine=True)
            (mlp): Mlp(
              (fc1): Linear(in_features=2048, out_features=8192, bias=True)
              (act): GELU(approximate='none')
              (fc2): Linear(in_features=8192, out_features=2048, bias=True)
              (drop): Dropout(p=0.0, inplace=False)
            )
            (ls2): LayerScale()
            (drop_path2): Identity()
          )
          (3): Block(
            (norm1): LayerNorm((2048,), eps=1e-05, elementwise_affine=True)
            (attn): Attention(
              (qkv): Linear(in_features=2048, out_features=6144, bias=True)
              (q_norm): Identity()
              (k_norm): Identity()
              (attn_drop): Dropout(p=0.0, inplace=False)
              (proj): Linear(in_features=2048, out_features=2048, bias=True)
              (proj_drop): Dropout(p=0.0, inplace=False)
            )
            (ls1): LayerScale()
            (drop_path1): Identity()
            (norm2): LayerNorm((2048,), eps=1e-05, elementwise_affine=True)
            (mlp): Mlp(
              (fc1): Linear(in_features=2048, out_features=8192, bias=True)
              (act): GELU(approximate='none')
              (fc2): Linear(in_features=8192, out_features=2048, bias=True)
              (drop): Dropout(p=0.0, inplace=False)
            )
            (ls2): LayerScale()
            (drop_path2): Identity()
          )
        )
        (token_norm): LayerNorm((2048,), eps=1e-05, elementwise_affine=True)
        (trunk_norm): LayerNorm((2048,), eps=1e-05, elementwise_affine=True)
        (embed_pose): Linear(in_features=9, out_features=2048, bias=True)
        (poseLN_modulation): Sequential(
          (0): SiLU()
          (1): Linear(in_features=2048, out_features=6144, bias=True)
        )
        (adaln_norm): LayerNorm((2048,), eps=1e-06, elementwise_affine=False)
        (pose_branch): Mlp(
          (fc1): Linear(in_features=2048, out_features=1024, bias=True)
          (act): GELU(approximate='none')
          (fc2): Linear(in_features=1024, out_features=9, bias=True)
          (drop): Dropout(p=0, inplace=False)
        )
      )
      (point_head): DPTHead(
        (norm): LayerNorm((2048,), eps=1e-05, elementwise_affine=True)
        (projects): ModuleList(
          (0): Conv2d(2048, 256, kernel_size=(1, 1), stride=(1, 1))
          (1): Conv2d(2048, 512, kernel_size=(1, 1), stride=(1, 1))
          (2-3): 2 x Conv2d(2048, 1024, kernel_size=(1, 1), stride=(1, 1))
        )
        (resize_layers): ModuleList(
          (0): ConvTranspose2d(256, 256, kernel_size=(4, 4), stride=(4, 4))
          (1): ConvTranspose2d(512, 512, kernel_size=(2, 2), stride=(2, 2))
          (2): Identity()
          (3): Conv2d(1024, 1024, kernel_size=(3, 3), stride=(2, 2), padding=(1, 1))
        )
        (scratch): Module(
          (layer1_rn): Conv2d(256, 256, kernel_size=(3, 3), stride=(1, 1), padding=(1, 1), bias=False)
          (layer2_rn): Conv2d(512, 256, kernel_size=(3, 3), stride=(1, 1), padding=(1, 1), bias=False)
          (layer3_rn): Conv2d(1024, 256, kernel_size=(3, 3), stride=(1, 1), padding=(1, 1), bias=False)
          (layer4_rn): Conv2d(1024, 256, kernel_size=(3, 3), stride=(1, 1), padding=(1, 1), bias=False)
          (refinenet1): FeatureFusionBlock(
            (out_conv): Conv2d(256, 256, kernel_size=(1, 1), stride=(1, 1))
            (resConfUnit1): ResidualConvUnit(
              (conv1): Conv2d(256, 256, kernel_size=(3, 3), stride=(1, 1), padding=(1, 1))
              (conv2): Conv2d(256, 256, kernel_size=(3, 3), stride=(1, 1), padding=(1, 1))
              (activation): ReLU(inplace=True)
              (skip_add): FloatFunctional(
                (activation_post_process): Identity()
              )
            )
            (resConfUnit2): ResidualConvUnit(
              (conv1): Conv2d(256, 256, kernel_size=(3, 3), stride=(1, 1), padding=(1, 1))
              (conv2): Conv2d(256, 256, kernel_size=(3, 3), stride=(1, 1), padding=(1, 1))
              (activation): ReLU(inplace=True)
              (skip_add): FloatFunctional(
                (activation_post_process): Identity()
              )
            )
            (skip_add): FloatFunctional(
              (activation_post_process): Identity()
            )
          )
          (refinenet2): FeatureFusionBlock(
            (out_conv): Conv2d(256, 256, kernel_size=(1, 1), stride=(1, 1))
            (resConfUnit1): ResidualConvUnit(
              (conv1): Conv2d(256, 256, kernel_size=(3, 3), stride=(1, 1), padding=(1, 1))
              (conv2): Conv2d(256, 256, kernel_size=(3, 3), stride=(1, 1), padding=(1, 1))
              (activation): ReLU(inplace=True)
              (skip_add): FloatFunctional(
                (activation_post_process): Identity()
              )
            )
            (resConfUnit2): ResidualConvUnit(
              (conv1): Conv2d(256, 256, kernel_size=(3, 3), stride=(1, 1), padding=(1, 1))
              (conv2): Conv2d(256, 256, kernel_size=(3, 3), stride=(1, 1), padding=(1, 1))
              (activation): ReLU(inplace=True)
              (skip_add): FloatFunctional(
                (activation_post_process): Identity()
              )
            )
            (skip_add): FloatFunctional(
              (activation_post_process): Identity()
            )
          )
          (refinenet3): FeatureFusionBlock(
            (out_conv): Conv2d(256, 256, kernel_size=(1, 1), stride=(1, 1))
            (resConfUnit1): ResidualConvUnit(
              (conv1): Conv2d(256, 256, kernel_size=(3, 3), stride=(1, 1), padding=(1, 1))
              (conv2): Conv2d(256, 256, kernel_size=(3, 3), stride=(1, 1), padding=(1, 1))
              (activation): ReLU(inplace=True)
              (skip_add): FloatFunctional(
                (activation_post_process): Identity()
              )
            )
            (resConfUnit2): ResidualConvUnit(
              (conv1): Conv2d(256, 256, kernel_size=(3, 3), stride=(1, 1), padding=(1, 1))
              (conv2): Conv2d(256, 256, kernel_size=(3, 3), stride=(1, 1), padding=(1, 1))
              (activation): ReLU(inplace=True)
              (skip_add): FloatFunctional(
                (activation_post_process): Identity()
              )
            )
            (skip_add): FloatFunctional(
              (activation_post_process): Identity()
            )
          )
          (refinenet4): FeatureFusionBlock(
            (out_conv): Conv2d(256, 256, kernel_size=(1, 1), stride=(1, 1))
            (resConfUnit2): ResidualConvUnit(
              (conv1): Conv2d(256, 256, kernel_size=(3, 3), stride=(1, 1), padding=(1, 1))
              (conv2): Conv2d(256, 256, kernel_size=(3, 3), stride=(1, 1), padding=(1, 1))
              (activation): ReLU(inplace=True)
              (skip_add): FloatFunctional(
                (activation_post_process): Identity()
              )
            )
            (skip_add): FloatFunctional(
              (activation_post_process): Identity()
            )
          )
          (output_conv1): Conv2d(256, 128, kernel_size=(3, 3), stride=(1, 1), padding=(1, 1))
          (output_conv2): Sequential(
            (0): Conv2d(128, 32, kernel_size=(3, 3), stride=(1, 1), padding=(1, 1))
            (1): ReLU(inplace=True)
            (2): Conv2d(32, 4, kernel_size=(1, 1), stride=(1, 1))
          )
        )
      )
      (depth_head): DPTHead(
        (norm): LayerNorm((2048,), eps=1e-05, elementwise_affine=True)
        (projects): ModuleList(
          (0): Conv2d(2048, 256, kernel_size=(1, 1), stride=(1, 1))
          (1): Conv2d(2048, 512, kernel_size=(1, 1), stride=(1, 1))
          (2-3): 2 x Conv2d(2048, 1024, kernel_size=(1, 1), stride=(1, 1))
        )
        (resize_layers): ModuleList(
          (0): ConvTranspose2d(256, 256, kernel_size=(4, 4), stride=(4, 4))
          (1): ConvTranspose2d(512, 512, kernel_size=(2, 2), stride=(2, 2))
          (2): Identity()
          (3): Conv2d(1024, 1024, kernel_size=(3, 3), stride=(2, 2), padding=(1, 1))
        )
        (scratch): Module(
          (layer1_rn): Conv2d(256, 256, kernel_size=(3, 3), stride=(1, 1), padding=(1, 1), bias=False)
          (layer2_rn): Conv2d(512, 256, kernel_size=(3, 3), stride=(1, 1), padding=(1, 1), bias=False)
          (layer3_rn): Conv2d(1024, 256, kernel_size=(3, 3), stride=(1, 1), padding=(1, 1), bias=False)
          (layer4_rn): Conv2d(1024, 256, kernel_size=(3, 3), stride=(1, 1), padding=(1, 1), bias=False)
          (refinenet1): FeatureFusionBlock(
            (out_conv): Conv2d(256, 256, kernel_size=(1, 1), stride=(1, 1))
            (resConfUnit1): ResidualConvUnit(
              (conv1): Conv2d(256, 256, kernel_size=(3, 3), stride=(1, 1), padding=(1, 1))
              (conv2): Conv2d(256, 256, kernel_size=(3, 3), stride=(1, 1), padding=(1, 1))
              (activation): ReLU(inplace=True)
              (skip_add): FloatFunctional(
                (activation_post_process): Identity()
              )
            )
            (resConfUnit2): ResidualConvUnit(
              (conv1): Conv2d(256, 256, kernel_size=(3, 3), stride=(1, 1), padding=(1, 1))
              (conv2): Conv2d(256, 256, kernel_size=(3, 3), stride=(1, 1), padding=(1, 1))
              (activation): ReLU(inplace=True)
              (skip_add): FloatFunctional(
                (activation_post_process): Identity()
              )
            )
            (skip_add): FloatFunctional(
              (activation_post_process): Identity()
            )
          )
          (refinenet2): FeatureFusionBlock(
            (out_conv): Conv2d(256, 256, kernel_size=(1, 1), stride=(1, 1))
            (resConfUnit1): ResidualConvUnit(
              (conv1): Conv2d(256, 256, kernel_size=(3, 3), stride=(1, 1), padding=(1, 1))
              (conv2): Conv2d(256, 256, kernel_size=(3, 3), stride=(1, 1), padding=(1, 1))
              (activation): ReLU(inplace=True)
              (skip_add): FloatFunctional(
                (activation_post_process): Identity()
              )
            )
            (resConfUnit2): ResidualConvUnit(
              (conv1): Conv2d(256, 256, kernel_size=(3, 3), stride=(1, 1), padding=(1, 1))
              (conv2): Conv2d(256, 256, kernel_size=(3, 3), stride=(1, 1), padding=(1, 1))
              (activation): ReLU(inplace=True)
              (skip_add): FloatFunctional(
                (activation_post_process): Identity()
              )
            )
            (skip_add): FloatFunctional(
              (activation_post_process): Identity()
            )
          )
          (refinenet3): FeatureFusionBlock(
            (out_conv): Conv2d(256, 256, kernel_size=(1, 1), stride=(1, 1))
            (resConfUnit1): ResidualConvUnit(
              (conv1): Conv2d(256, 256, kernel_size=(3, 3), stride=(1, 1), padding=(1, 1))
              (conv2): Conv2d(256, 256, kernel_size=(3, 3), stride=(1, 1), padding=(1, 1))
              (activation): ReLU(inplace=True)
              (skip_add): FloatFunctional(
                (activation_post_process): Identity()
              )
            )
            (resConfUnit2): ResidualConvUnit(
              (conv1): Conv2d(256, 256, kernel_size=(3, 3), stride=(1, 1), padding=(1, 1))
              (conv2): Conv2d(256, 256, kernel_size=(3, 3), stride=(1, 1), padding=(1, 1))
              (activation): ReLU(inplace=True)
              (skip_add): FloatFunctional(
                (activation_post_process): Identity()
              )
            )
            (skip_add): FloatFunctional(
              (activation_post_process): Identity()
            )
          )
          (refinenet4): FeatureFusionBlock(
            (out_conv): Conv2d(256, 256, kernel_size=(1, 1), stride=(1, 1))
            (resConfUnit2): ResidualConvUnit(
              (conv1): Conv2d(256, 256, kernel_size=(3, 3), stride=(1, 1), padding=(1, 1))
              (conv2): Conv2d(256, 256, kernel_size=(3, 3), stride=(1, 1), padding=(1, 1))
              (activation): ReLU(inplace=True)
              (skip_add): FloatFunctional(
                (activation_post_process): Identity()
              )
            )
            (skip_add): FloatFunctional(
              (activation_post_process): Identity()
            )
          )
          (output_conv1): Conv2d(256, 128, kernel_size=(3, 3), stride=(1, 1), padding=(1, 1))
          (output_conv2): Sequential(
            (0): Conv2d(128, 32, kernel_size=(3, 3), stride=(1, 1), padding=(1, 1))
            (1): ReLU(inplace=True)
            (2): Conv2d(32, 2, kernel_size=(1, 1), stride=(1, 1))
          )
        )
      )
      (track_head): TrackHead(
        (feature_extractor): DPTHead(
          (norm): LayerNorm((2048,), eps=1e-05, elementwise_affine=True)
          (projects): ModuleList(
            (0): Conv2d(2048, 256, kernel_size=(1, 1), stride=(1, 1))
            (1): Conv2d(2048, 512, kernel_size=(1, 1), stride=(1, 1))
            (2-3): 2 x Conv2d(2048, 1024, kernel_size=(1, 1), stride=(1, 1))
          )
          (resize_layers): ModuleList(
            (0): ConvTranspose2d(256, 256, kernel_size=(4, 4), stride=(4, 4))
            (1): ConvTranspose2d(512, 512, kernel_size=(2, 2), stride=(2, 2))
            (2): Identity()
            (3): Conv2d(1024, 1024, kernel_size=(3, 3), stride=(2, 2), padding=(1, 1))
          )
          (scratch): Module(
            (layer1_rn): Conv2d(256, 128, kernel_size=(3, 3), stride=(1, 1), padding=(1, 1), bias=False)
            (layer2_rn): Conv2d(512, 128, kernel_size=(3, 3), stride=(1, 1), padding=(1, 1), bias=False)
            (layer3_rn): Conv2d(1024, 128, kernel_size=(3, 3), stride=(1, 1), padding=(1, 1), bias=False)
            (layer4_rn): Conv2d(1024, 128, kernel_size=(3, 3), stride=(1, 1), padding=(1, 1), bias=False)
            (refinenet1): FeatureFusionBlock(
              (out_conv): Conv2d(128, 128, kernel_size=(1, 1), stride=(1, 1))
              (resConfUnit1): ResidualConvUnit(
                (conv1): Conv2d(128, 128, kernel_size=(3, 3), stride=(1, 1), padding=(1, 1))
                (conv2): Conv2d(128, 128, kernel_size=(3, 3), stride=(1, 1), padding=(1, 1))
                (activation): ReLU(inplace=True)
                (skip_add): FloatFunctional(
                  (activation_post_process): Identity()
                )
              )
              (resConfUnit2): ResidualConvUnit(
                (conv1): Conv2d(128, 128, kernel_size=(3, 3), stride=(1, 1), padding=(1, 1))
                (conv2): Conv2d(128, 128, kernel_size=(3, 3), stride=(1, 1), padding=(1, 1))
                (activation): ReLU(inplace=True)
                (skip_add): FloatFunctional(
                  (activation_post_process): Identity()
                )
              )
              (skip_add): FloatFunctional(
                (activation_post_process): Identity()
              )
            )
            (refinenet2): FeatureFusionBlock(
              (out_conv): Conv2d(128, 128, kernel_size=(1, 1), stride=(1, 1))
              (resConfUnit1): ResidualConvUnit(
                (conv1): Conv2d(128, 128, kernel_size=(3, 3), stride=(1, 1), padding=(1, 1))
                (conv2): Conv2d(128, 128, kernel_size=(3, 3), stride=(1, 1), padding=(1, 1))
                (activation): ReLU(inplace=True)
                (skip_add): FloatFunctional(
                  (activation_post_process): Identity()
                )
              )
              (resConfUnit2): ResidualConvUnit(
                (conv1): Conv2d(128, 128, kernel_size=(3, 3), stride=(1, 1), padding=(1, 1))
                (conv2): Conv2d(128, 128, kernel_size=(3, 3), stride=(1, 1), padding=(1, 1))
                (activation): ReLU(inplace=True)
                (skip_add): FloatFunctional(
                  (activation_post_process): Identity()
                )
              )
              (skip_add): FloatFunctional(
                (activation_post_process): Identity()
              )
            )
            (refinenet3): FeatureFusionBlock(
              (out_conv): Conv2d(128, 128, kernel_size=(1, 1), stride=(1, 1))
              (resConfUnit1): ResidualConvUnit(
                (conv1): Conv2d(128, 128, kernel_size=(3, 3), stride=(1, 1), padding=(1, 1))
                (conv2): Conv2d(128, 128, kernel_size=(3, 3), stride=(1, 1), padding=(1, 1))
                (activation): ReLU(inplace=True)
                (skip_add): FloatFunctional(
                  (activation_post_process): Identity()
                )
              )
              (resConfUnit2): ResidualConvUnit(
                (conv1): Conv2d(128, 128, kernel_size=(3, 3), stride=(1, 1), padding=(1, 1))
                (conv2): Conv2d(128, 128, kernel_size=(3, 3), stride=(1, 1), padding=(1, 1))
                (activation): ReLU(inplace=True)
                (skip_add): FloatFunctional(
                  (activation_post_process): Identity()
                )
              )
              (skip_add): FloatFunctional(
                (activation_post_process): Identity()
              )
            )
            (refinenet4): FeatureFusionBlock(
              (out_conv): Conv2d(128, 128, kernel_size=(1, 1), stride=(1, 1))
              (resConfUnit2): ResidualConvUnit(
                (conv1): Conv2d(128, 128, kernel_size=(3, 3), stride=(1, 1), padding=(1, 1))
                (conv2): Conv2d(128, 128, kernel_size=(3, 3), stride=(1, 1), padding=(1, 1))
                (activation): ReLU(inplace=True)
                (skip_add): FloatFunctional(
                  (activation_post_process): Identity()
                )
              )
              (skip_add): FloatFunctional(
                (activation_post_process): Identity()
              )
            )
            (output_conv1): Conv2d(128, 128, kernel_size=(3, 3), stride=(1, 1), padding=(1, 1))
          )
        )
        (tracker): BaseTrackerPredictor(
          (corr_mlp): Mlp(
            (fc1): Linear(in_features=567, out_features=384, bias=True)
            (act): GELU(approximate='none')
            (drop1): Dropout(p=0.0, inplace=False)
            (fc2): Linear(in_features=384, out_features=128, bias=True)
            (drop2): Dropout(p=0.0, inplace=False)
          )
          (updateformer): EfficientUpdateFormer(
            (input_norm): LayerNorm((388,), eps=1e-05, elementwise_affine=True)
            (input_transform): Linear(in_features=388, out_features=384, bias=True)
            (output_norm): LayerNorm((384,), eps=1e-05, elementwise_affine=True)
            (flow_head): Linear(in_features=384, out_features=130, bias=True)
            (time_blocks): ModuleList(
              (0-5): 6 x AttnBlock(
                (norm1): LayerNorm((384,), eps=1e-05, elementwise_affine=True)
                (norm2): LayerNorm((384,), eps=1e-05, elementwise_affine=True)
                (attn): MultiheadAttention(
                  (out_proj): NonDynamicallyQuantizableLinear(in_features=384, out_features=384, bias=True)
                )
                (mlp): Mlp(
                  (fc1): Linear(in_features=384, out_features=1536, bias=True)
                  (act): GELU(approximate='none')
                  (drop1): Dropout(p=0, inplace=False)
                  (fc2): Linear(in_features=1536, out_features=384, bias=True)
                  (drop2): Dropout(p=0, inplace=False)
                )
              )
            )
            (space_virtual_blocks): ModuleList(
              (0-5): 6 x AttnBlock(
                (norm1): LayerNorm((384,), eps=1e-05, elementwise_affine=True)
                (norm2): LayerNorm((384,), eps=1e-05, elementwise_affine=True)
                (attn): MultiheadAttention(
                  (out_proj): NonDynamicallyQuantizableLinear(in_features=384, out_features=384, bias=True)
                )
                (mlp): Mlp(
                  (fc1): Linear(in_features=384, out_features=1536, bias=True)
                  (act): GELU(approximate='none')
                  (drop1): Dropout(p=0, inplace=False)
                  (fc2): Linear(in_features=1536, out_features=384, bias=True)
                  (drop2): Dropout(p=0, inplace=False)
                )
              )
            )
            (space_point2virtual_blocks): ModuleList(
              (0-5): 6 x CrossAttnBlock(
                (norm1): LayerNorm((384,), eps=1e-05, elementwise_affine=True)
                (norm_context): LayerNorm((384,), eps=1e-05, elementwise_affine=True)
                (norm2): LayerNorm((384,), eps=1e-05, elementwise_affine=True)
                (cross_attn): MultiheadAttention(
                  (out_proj): NonDynamicallyQuantizableLinear(in_features=384, out_features=384, bias=True)
                )
                (mlp): Mlp(
                  (fc1): Linear(in_features=384, out_features=1536, bias=True)
                  (act): GELU(approximate='none')
                  (drop1): Dropout(p=0, inplace=False)
                  (fc2): Linear(in_features=1536, out_features=384, bias=True)
                  (drop2): Dropout(p=0, inplace=False)
                )
              )
            )
            (space_virtual2point_blocks): ModuleList(
              (0-5): 6 x CrossAttnBlock(
                (norm1): LayerNorm((384,), eps=1e-05, elementwise_affine=True)
                (norm_context): LayerNorm((384,), eps=1e-05, elementwise_affine=True)
                (norm2): LayerNorm((384,), eps=1e-05, elementwise_affine=True)
                (cross_attn): MultiheadAttention(
                  (out_proj): NonDynamicallyQuantizableLinear(in_features=384, out_features=384, bias=True)
                )
                (mlp): Mlp(
                  (fc1): Linear(in_features=384, out_features=1536, bias=True)
                  (act): GELU(approximate='none')
                  (drop1): Dropout(p=0, inplace=False)
                  (fc2): Linear(in_features=1536, out_features=384, bias=True)
                  (drop2): Dropout(p=0, inplace=False)
                )
              )
            )
          )
          (fmap_norm): LayerNorm((128,), eps=1e-05, elementwise_affine=True)
          (ffeat_norm): GroupNorm(1, 128, eps=1e-05, affine=True)
          (ffeat_updater): Sequential(
            (0): Linear(in_features=128, out_features=128, bias=True)
            (1): GELU(approximate='none')
          )
          (vis_predictor): Sequential(
            (0): Linear(in_features=128, out_features=1, bias=True)
          )
          (conf_predictor): Sequential(
            (0): Linear(in_features=128, out_features=1, bias=True)
          )
        )
      )
    )
    (key_model_map): ModuleDict(
      (head_cam): ResNet(
        (conv1): Conv2d(3, 64, kernel_size=(7, 7), stride=(2, 2), padding=(3, 3), bias=False)
        (bn1): GroupNorm(4, 64, eps=1e-05, affine=True)
        (relu): ReLU(inplace=True)
        (maxpool): MaxPool2d(kernel_size=3, stride=2, padding=1, dilation=1, ceil_mode=False)
        (layer1): Sequential(
          (0): BasicBlock(
            (conv1): Conv2d(64, 64, kernel_size=(3, 3), stride=(1, 1), padding=(1, 1), bias=False)
            (bn1): GroupNorm(4, 64, eps=1e-05, affine=True)
            (relu): ReLU(inplace=True)
            (conv2): Conv2d(64, 64, kernel_size=(3, 3), stride=(1, 1), padding=(1, 1), bias=False)
            (bn2): GroupNorm(4, 64, eps=1e-05, affine=True)
          )
          (1): BasicBlock(
            (conv1): Conv2d(64, 64, kernel_size=(3, 3), stride=(1, 1), padding=(1, 1), bias=False)
            (bn1): GroupNorm(4, 64, eps=1e-05, affine=True)
            (relu): ReLU(inplace=True)
            (conv2): Conv2d(64, 64, kernel_size=(3, 3), stride=(1, 1), padding=(1, 1), bias=False)
            (bn2): GroupNorm(4, 64, eps=1e-05, affine=True)
          )
        )
        (layer2): Sequential(
          (0): BasicBlock(
            (conv1): Conv2d(64, 128, kernel_size=(3, 3), stride=(2, 2), padding=(1, 1), bias=False)
            (bn1): GroupNorm(8, 128, eps=1e-05, affine=True)
            (relu): ReLU(inplace=True)
            (conv2): Conv2d(128, 128, kernel_size=(3, 3), stride=(1, 1), padding=(1, 1), bias=False)
            (bn2): GroupNorm(8, 128, eps=1e-05, affine=True)
            (downsample): Sequential(
              (0): Conv2d(64, 128, kernel_size=(1, 1), stride=(2, 2), bias=False)
              (1): GroupNorm(8, 128, eps=1e-05, affine=True)
            )
          )
          (1): BasicBlock(
            (conv1): Conv2d(128, 128, kernel_size=(3, 3), stride=(1, 1), padding=(1, 1), bias=False)
            (bn1): GroupNorm(8, 128, eps=1e-05, affine=True)
            (relu): ReLU(inplace=True)
            (conv2): Conv2d(128, 128, kernel_size=(3, 3), stride=(1, 1), padding=(1, 1), bias=False)
            (bn2): GroupNorm(8, 128, eps=1e-05, affine=True)
          )
        )
        (layer3): Sequential(
          (0): BasicBlock(
            (conv1): Conv2d(128, 256, kernel_size=(3, 3), stride=(2, 2), padding=(1, 1), bias=False)
            (bn1): GroupNorm(16, 256, eps=1e-05, affine=True)
            (relu): ReLU(inplace=True)
            (conv2): Conv2d(256, 256, kernel_size=(3, 3), stride=(1, 1), padding=(1, 1), bias=False)
            (bn2): GroupNorm(16, 256, eps=1e-05, affine=True)
            (downsample): Sequential(
              (0): Conv2d(128, 256, kernel_size=(1, 1), stride=(2, 2), bias=False)
              (1): GroupNorm(16, 256, eps=1e-05, affine=True)
            )
          )
          (1): BasicBlock(
            (conv1): Conv2d(256, 256, kernel_size=(3, 3), stride=(1, 1), padding=(1, 1), bias=False)
            (bn1): GroupNorm(16, 256, eps=1e-05, affine=True)
            (relu): ReLU(inplace=True)
            (conv2): Conv2d(256, 256, kernel_size=(3, 3), stride=(1, 1), padding=(1, 1), bias=False)
            (bn2): GroupNorm(16, 256, eps=1e-05, affine=True)
          )
        )
        (layer4): Sequential(
          (0): BasicBlock(
            (conv1): Conv2d(256, 512, kernel_size=(3, 3), stride=(2, 2), padding=(1, 1), bias=False)
            (bn1): GroupNorm(32, 512, eps=1e-05, affine=True)
            (relu): ReLU(inplace=True)
            (conv2): Conv2d(512, 512, kernel_size=(3, 3), stride=(1, 1), padding=(1, 1), bias=False)
            (bn2): GroupNorm(32, 512, eps=1e-05, affine=True)
            (downsample): Sequential(
              (0): Conv2d(256, 512, kernel_size=(1, 1), stride=(2, 2), bias=False)
              (1): GroupNorm(32, 512, eps=1e-05, affine=True)
            )
          )
          (1): BasicBlock(
            (conv1): Conv2d(512, 512, kernel_size=(3, 3), stride=(1, 1), padding=(1, 1), bias=False)
            (bn1): GroupNorm(32, 512, eps=1e-05, affine=True)
            (relu): ReLU(inplace=True)
            (conv2): Conv2d(512, 512, kernel_size=(3, 3), stride=(1, 1), padding=(1, 1), bias=False)
            (bn2): GroupNorm(32, 512, eps=1e-05, affine=True)
          )
        )
        (avgpool): AdaptiveAvgPool2d(output_size=(1, 1))
        (fc): Identity()
      )
      (front_cam): ResNet(
        (conv1): Conv2d(3, 64, kernel_size=(7, 7), stride=(2, 2), padding=(3, 3), bias=False)
        (bn1): GroupNorm(4, 64, eps=1e-05, affine=True)
        (relu): ReLU(inplace=True)
        (maxpool): MaxPool2d(kernel_size=3, stride=2, padding=1, dilation=1, ceil_mode=False)
        (layer1): Sequential(
          (0): BasicBlock(
            (conv1): Conv2d(64, 64, kernel_size=(3, 3), stride=(1, 1), padding=(1, 1), bias=False)
            (bn1): GroupNorm(4, 64, eps=1e-05, affine=True)
            (relu): ReLU(inplace=True)
            (conv2): Conv2d(64, 64, kernel_size=(3, 3), stride=(1, 1), padding=(1, 1), bias=False)
            (bn2): GroupNorm(4, 64, eps=1e-05, affine=True)
          )
          (1): BasicBlock(
            (conv1): Conv2d(64, 64, kernel_size=(3, 3), stride=(1, 1), padding=(1, 1), bias=False)
            (bn1): GroupNorm(4, 64, eps=1e-05, affine=True)
            (relu): ReLU(inplace=True)
            (conv2): Conv2d(64, 64, kernel_size=(3, 3), stride=(1, 1), padding=(1, 1), bias=False)
            (bn2): GroupNorm(4, 64, eps=1e-05, affine=True)
          )
        )
        (layer2): Sequential(
          (0): BasicBlock(
            (conv1): Conv2d(64, 128, kernel_size=(3, 3), stride=(2, 2), padding=(1, 1), bias=False)
            (bn1): GroupNorm(8, 128, eps=1e-05, affine=True)
            (relu): ReLU(inplace=True)
            (conv2): Conv2d(128, 128, kernel_size=(3, 3), stride=(1, 1), padding=(1, 1), bias=False)
            (bn2): GroupNorm(8, 128, eps=1e-05, affine=True)
            (downsample): Sequential(
              (0): Conv2d(64, 128, kernel_size=(1, 1), stride=(2, 2), bias=False)
              (1): GroupNorm(8, 128, eps=1e-05, affine=True)
            )
          )
          (1): BasicBlock(
            (conv1): Conv2d(128, 128, kernel_size=(3, 3), stride=(1, 1), padding=(1, 1), bias=False)
            (bn1): GroupNorm(8, 128, eps=1e-05, affine=True)
            (relu): ReLU(inplace=True)
            (conv2): Conv2d(128, 128, kernel_size=(3, 3), stride=(1, 1), padding=(1, 1), bias=False)
            (bn2): GroupNorm(8, 128, eps=1e-05, affine=True)
          )
        )
        (layer3): Sequential(
          (0): BasicBlock(
            (conv1): Conv2d(128, 256, kernel_size=(3, 3), stride=(2, 2), padding=(1, 1), bias=False)
            (bn1): GroupNorm(16, 256, eps=1e-05, affine=True)
            (relu): ReLU(inplace=True)
            (conv2): Conv2d(256, 256, kernel_size=(3, 3), stride=(1, 1), padding=(1, 1), bias=False)
            (bn2): GroupNorm(16, 256, eps=1e-05, affine=True)
            (downsample): Sequential(
              (0): Conv2d(128, 256, kernel_size=(1, 1), stride=(2, 2), bias=False)
              (1): GroupNorm(16, 256, eps=1e-05, affine=True)
            )
          )
          (1): BasicBlock(
            (conv1): Conv2d(256, 256, kernel_size=(3, 3), stride=(1, 1), padding=(1, 1), bias=False)
            (bn1): GroupNorm(16, 256, eps=1e-05, affine=True)
            (relu): ReLU(inplace=True)
            (conv2): Conv2d(256, 256, kernel_size=(3, 3), stride=(1, 1), padding=(1, 1), bias=False)
            (bn2): GroupNorm(16, 256, eps=1e-05, affine=True)
          )
        )
        (layer4): Sequential(
          (0): BasicBlock(
            (conv1): Conv2d(256, 512, kernel_size=(3, 3), stride=(2, 2), padding=(1, 1), bias=False)
            (bn1): GroupNorm(32, 512, eps=1e-05, affine=True)
            (relu): ReLU(inplace=True)
            (conv2): Conv2d(512, 512, kernel_size=(3, 3), stride=(1, 1), padding=(1, 1), bias=False)
            (bn2): GroupNorm(32, 512, eps=1e-05, affine=True)
            (downsample): Sequential(
              (0): Conv2d(256, 512, kernel_size=(1, 1), stride=(2, 2), bias=False)
              (1): GroupNorm(32, 512, eps=1e-05, affine=True)
            )
          )
          (1): BasicBlock(
            (conv1): Conv2d(512, 512, kernel_size=(3, 3), stride=(1, 1), padding=(1, 1), bias=False)
            (bn1): GroupNorm(32, 512, eps=1e-05, affine=True)
            (relu): ReLU(inplace=True)
            (conv2): Conv2d(512, 512, kernel_size=(3, 3), stride=(1, 1), padding=(1, 1), bias=False)
            (bn2): GroupNorm(32, 512, eps=1e-05, affine=True)
          )
        )
        (avgpool): AdaptiveAvgPool2d(output_size=(1, 1))
        (fc): Identity()
      )
    )
    (key_transform_map): ModuleDict(
      (head_cam): Sequential(
        (0): Resize(size=(350, 350), interpolation=bilinear, max_size=None, antialias=True)
        (1): Identity()
        (2): Normalize(mean=[0.485, 0.456, 0.406], std=[0.229, 0.224, 0.225])
      )
      (front_cam): Sequential(
        (0): Resize(size=(350, 350), interpolation=bilinear, max_size=None, antialias=True)
        (1): Identity()
        (2): Normalize(mean=[0.485, 0.456, 0.406], std=[0.229, 0.224, 0.225])
      )
    )
  )
  (model): ConditionalUnet1D(
    (mid_modules): ModuleList(
      (0-1): 2 x ConditionalResidualBlock1D(
        (blocks): ModuleList(
          (0-1): 2 x Conv1dBlock(
            (block): Sequential(
              (0): Conv1d(1024, 1024, kernel_size=(5,), stride=(1,), padding=(2,))
              (1): GroupNorm(8, 1024, eps=1e-05, affine=True)
              (2): Mish()
            )
          )
        )
        (cond_encoder): Sequential(
          (0): Mish()
          (1): Linear(in_features=4778, out_features=2048, bias=True)
          (2): Rearrange('batch t -> batch t 1')
        )
        (residual_conv): Identity()
      )
    )
    (diffusion_step_encoder): Sequential(
      (0): SinusoidalPosEmb()
      (1): Linear(in_features=128, out_features=512, bias=True)
      (2): Mish()
      (3): Linear(in_features=512, out_features=128, bias=True)
    )
    (up_modules): ModuleList(
      (0): ModuleList(
        (0): ConditionalResidualBlock1D(
          (blocks): ModuleList(
            (0): Conv1dBlock(
              (block): Sequential(
                (0): Conv1d(2048, 512, kernel_size=(5,), stride=(1,), padding=(2,))
                (1): GroupNorm(8, 512, eps=1e-05, affine=True)
                (2): Mish()
              )
            )
            (1): Conv1dBlock(
              (block): Sequential(
                (0): Conv1d(512, 512, kernel_size=(5,), stride=(1,), padding=(2,))
                (1): GroupNorm(8, 512, eps=1e-05, affine=True)
                (2): Mish()
              )
            )
          )
          (cond_encoder): Sequential(
            (0): Mish()
            (1): Linear(in_features=4778, out_features=1024, bias=True)
            (2): Rearrange('batch t -> batch t 1')
          )
          (residual_conv): Conv1d(2048, 512, kernel_size=(1,), stride=(1,))
        )
        (1): ConditionalResidualBlock1D(
          (blocks): ModuleList(
            (0-1): 2 x Conv1dBlock(
              (block): Sequential(
                (0): Conv1d(512, 512, kernel_size=(5,), stride=(1,), padding=(2,))
                (1): GroupNorm(8, 512, eps=1e-05, affine=True)
                (2): Mish()
              )
            )
          )
          (cond_encoder): Sequential(
            (0): Mish()
            (1): Linear(in_features=4778, out_features=1024, bias=True)
            (2): Rearrange('batch t -> batch t 1')
          )
          (residual_conv): Identity()
        )
        (2): Upsample1d(
          (conv): ConvTranspose1d(512, 512, kernel_size=(4,), stride=(2,), padding=(1,))
        )
      )
      (1): ModuleList(
        (0): ConditionalResidualBlock1D(
          (blocks): ModuleList(
            (0): Conv1dBlock(
              (block): Sequential(
                (0): Conv1d(1024, 256, kernel_size=(5,), stride=(1,), padding=(2,))
                (1): GroupNorm(8, 256, eps=1e-05, affine=True)
                (2): Mish()
              )
            )
            (1): Conv1dBlock(
              (block): Sequential(
                (0): Conv1d(256, 256, kernel_size=(5,), stride=(1,), padding=(2,))
                (1): GroupNorm(8, 256, eps=1e-05, affine=True)
                (2): Mish()
              )
            )
          )
          (cond_encoder): Sequential(
            (0): Mish()
            (1): Linear(in_features=4778, out_features=512, bias=True)
            (2): Rearrange('batch t -> batch t 1')
          )
          (residual_conv): Conv1d(1024, 256, kernel_size=(1,), stride=(1,))
        )
        (1): ConditionalResidualBlock1D(
          (blocks): ModuleList(
            (0-1): 2 x Conv1dBlock(
              (block): Sequential(
                (0): Conv1d(256, 256, kernel_size=(5,), stride=(1,), padding=(2,))
                (1): GroupNorm(8, 256, eps=1e-05, affine=True)
                (2): Mish()
              )
            )
          )
          (cond_encoder): Sequential(
            (0): Mish()
            (1): Linear(in_features=4778, out_features=512, bias=True)
            (2): Rearrange('batch t -> batch t 1')
          )
          (residual_conv): Identity()
        )
        (2): Upsample1d(
          (conv): ConvTranspose1d(256, 256, kernel_size=(4,), stride=(2,), padding=(1,))
        )
      )
    )
    (down_modules): ModuleList(
      (0): ModuleList(
        (0): ConditionalResidualBlock1D(
          (blocks): ModuleList(
            (0): Conv1dBlock(
              (block): Sequential(
                (0): Conv1d(14, 256, kernel_size=(5,), stride=(1,), padding=(2,))
                (1): GroupNorm(8, 256, eps=1e-05, affine=True)
                (2): Mish()
              )
            )
            (1): Conv1dBlock(
              (block): Sequential(
                (0): Conv1d(256, 256, kernel_size=(5,), stride=(1,), padding=(2,))
                (1): GroupNorm(8, 256, eps=1e-05, affine=True)
                (2): Mish()
              )
            )
          )
          (cond_encoder): Sequential(
            (0): Mish()
            (1): Linear(in_features=4778, out_features=512, bias=True)
            (2): Rearrange('batch t -> batch t 1')
          )
          (residual_conv): Conv1d(14, 256, kernel_size=(1,), stride=(1,))
        )
        (1): ConditionalResidualBlock1D(
          (blocks): ModuleList(
            (0-1): 2 x Conv1dBlock(
              (block): Sequential(
                (0): Conv1d(256, 256, kernel_size=(5,), stride=(1,), padding=(2,))
                (1): GroupNorm(8, 256, eps=1e-05, affine=True)
                (2): Mish()
              )
            )
          )
          (cond_encoder): Sequential(
            (0): Mish()
            (1): Linear(in_features=4778, out_features=512, bias=True)
            (2): Rearrange('batch t -> batch t 1')
          )
          (residual_conv): Identity()
        )
        (2): Downsample1d(
          (conv): Conv1d(256, 256, kernel_size=(3,), stride=(2,), padding=(1,))
        )
      )
      (1): ModuleList(
        (0): ConditionalResidualBlock1D(
          (blocks): ModuleList(
            (0): Conv1dBlock(
              (block): Sequential(
                (0): Conv1d(256, 512, kernel_size=(5,), stride=(1,), padding=(2,))
                (1): GroupNorm(8, 512, eps=1e-05, affine=True)
                (2): Mish()
              )
            )
            (1): Conv1dBlock(
              (block): Sequential(
                (0): Conv1d(512, 512, kernel_size=(5,), stride=(1,), padding=(2,))
                (1): GroupNorm(8, 512, eps=1e-05, affine=True)
                (2): Mish()
              )
            )
          )
          (cond_encoder): Sequential(
            (0): Mish()
            (1): Linear(in_features=4778, out_features=1024, bias=True)
            (2): Rearrange('batch t -> batch t 1')
          )
          (residual_conv): Conv1d(256, 512, kernel_size=(1,), stride=(1,))
        )
        (1): ConditionalResidualBlock1D(
          (blocks): ModuleList(
            (0-1): 2 x Conv1dBlock(
              (block): Sequential(
                (0): Conv1d(512, 512, kernel_size=(5,), stride=(1,), padding=(2,))
                (1): GroupNorm(8, 512, eps=1e-05, affine=True)
                (2): Mish()
              )
            )
          )
          (cond_encoder): Sequential(
            (0): Mish()
            (1): Linear(in_features=4778, out_features=1024, bias=True)
            (2): Rearrange('batch t -> batch t 1')
          )
          (residual_conv): Identity()
        )
        (2): Downsample1d(
          (conv): Conv1d(512, 512, kernel_size=(3,), stride=(2,), padding=(1,))
        )
      )
      (2): ModuleList(
        (0): ConditionalResidualBlock1D(
          (blocks): ModuleList(
            (0): Conv1dBlock(
              (block): Sequential(
                (0): Conv1d(512, 1024, kernel_size=(5,), stride=(1,), padding=(2,))
                (1): GroupNorm(8, 1024, eps=1e-05, affine=True)
                (2): Mish()
              )
            )
            (1): Conv1dBlock(
              (block): Sequential(
                (0): Conv1d(1024, 1024, kernel_size=(5,), stride=(1,), padding=(2,))
                (1): GroupNorm(8, 1024, eps=1e-05, affine=True)
                (2): Mish()
              )
            )
          )
          (cond_encoder): Sequential(
            (0): Mish()
            (1): Linear(in_features=4778, out_features=2048, bias=True)
            (2): Rearrange('batch t -> batch t 1')
          )
          (residual_conv): Conv1d(512, 1024, kernel_size=(1,), stride=(1,))
        )
        (1): ConditionalResidualBlock1D(
          (blocks): ModuleList(
            (0-1): 2 x Conv1dBlock(
              (block): Sequential(
                (0): Conv1d(1024, 1024, kernel_size=(5,), stride=(1,), padding=(2,))
                (1): GroupNorm(8, 1024, eps=1e-05, affine=True)
                (2): Mish()
              )
            )
          )
          (cond_encoder): Sequential(
            (0): Mish()
            (1): Linear(in_features=4778, out_features=2048, bias=True)
            (2): Rearrange('batch t -> batch t 1')
          )
          (residual_conv): Identity()
        )
        (2): Identity()
      )
    )
    (final_conv): Sequential(
      (0): Conv1dBlock(
        (block): Sequential(
          (0): Conv1d(256, 256, kernel_size=(5,), stride=(1,), padding=(2,))
          (1): GroupNorm(8, 256, eps=1e-05, affine=True)
          (2): Mish()
        )
      )
      (1): Conv1d(256, 14, kernel_size=(1,), stride=(1,))
    )
  )
  (mask_generator): LowdimMaskGenerator()
  (normalizer): LinearNormalizer(
    (params_dict): ParameterDict(
        (action): Object of type: ParameterDict
        (agent_pos): Object of type: ParameterDict
        (head_cam): Object of type: ParameterDict
        (front_cam): Object of type: ParameterDict
        (left_cam): Object of type: ParameterDict
        (right_cam): Object of type: ParameterDict
      (action): ParameterDict(
          (offset): Parameter containing: [torch.FloatTensor of size 14]
          (scale): Parameter containing: [torch.FloatTensor of size 14]
          (input_stats): Object of type: ParameterDict
        (input_stats): ParameterDict(
            (max): Parameter containing: [torch.FloatTensor of size 14]
            (mean): Parameter containing: [torch.FloatTensor of size 14]
            (min): Parameter containing: [torch.FloatTensor of size 14]
            (std): Parameter containing: [torch.FloatTensor of size 14]
        )
      )
      (agent_pos): ParameterDict(
          (offset): Parameter containing: [torch.FloatTensor of size 14]
          (scale): Parameter containing: [torch.FloatTensor of size 14]
          (input_stats): Object of type: ParameterDict
        (input_stats): ParameterDict(
            (max): Parameter containing: [torch.FloatTensor of size 14]
            (mean): Parameter containing: [torch.FloatTensor of size 14]
            (min): Parameter containing: [torch.FloatTensor of size 14]
            (std): Parameter containing: [torch.FloatTensor of size 14]
        )
      )
      (head_cam): ParameterDict(
          (offset): Parameter containing: [torch.FloatTensor of size 1]
          (scale): Parameter containing: [torch.FloatTensor of size 1]
          (input_stats): Object of type: ParameterDict
        (input_stats): ParameterDict(
            (max): Parameter containing: [torch.FloatTensor of size 1]
            (mean): Parameter containing: [torch.FloatTensor of size 1]
            (min): Parameter containing: [torch.FloatTensor of size 1]
            (std): Parameter containing: [torch.FloatTensor of size 1]
        )
      )
      (front_cam): ParameterDict(
          (offset): Parameter containing: [torch.FloatTensor of size 1]
          (scale): Parameter containing: [torch.FloatTensor of size 1]
          (input_stats): Object of type: ParameterDict
        (input_stats): ParameterDict(
            (max): Parameter containing: [torch.FloatTensor of size 1]
            (mean): Parameter containing: [torch.FloatTensor of size 1]
            (min): Parameter containing: [torch.FloatTensor of size 1]
            (std): Parameter containing: [torch.FloatTensor of size 1]
        )
      )
      (left_cam): ParameterDict(
          (offset): Parameter containing: [torch.FloatTensor of size 1]
          (scale): Parameter containing: [torch.FloatTensor of size 1]
          (input_stats): Object of type: ParameterDict
        (input_stats): ParameterDict(
            (max): Parameter containing: [torch.FloatTensor of size 1]
            (mean): Parameter containing: [torch.FloatTensor of size 1]
            (min): Parameter containing: [torch.FloatTensor of size 1]
            (std): Parameter containing: [torch.FloatTensor of size 1]
        )
      )
      (right_cam): ParameterDict(
          (offset): Parameter containing: [torch.FloatTensor of size 1]
          (scale): Parameter containing: [torch.FloatTensor of size 1]
          (input_stats): Object of type: ParameterDict
        (input_stats): ParameterDict(
            (max): Parameter containing: [torch.FloatTensor of size 1]
            (mean): Parameter containing: [torch.FloatTensor of size 1]
            (min): Parameter containing: [torch.FloatTensor of size 1]
            (std): Parameter containing: [torch.FloatTensor of size 1]
        )
      )
    )
  )
)ffmpeg version 4.4.2-0ubuntu0.22.04.1 Copyright (c) 2000-2021 the FFmpeg developers
  built with gcc 11 (Ubuntu 11.2.0-19ubuntu1)
  configuration: --prefix=/usr --extra-version=0ubuntu0.22.04.1 --toolchain=hardened --libdir=/usr/lib/x86_64-linux-gnu --incdir=/usr/include/x86_64-linux-gnu --arch=amd64 --enable-gpl --disable-stripping --enable-gnutls --enable-ladspa --enable-libaom --enable-libass --enable-libbluray --enable-libbs2b --enable-libcaca --enable-libcdio --enable-libcodec2 --enable-libdav1d --enable-libflite --enable-libfontconfig --enable-libfreetype --enable-libfribidi --enable-libgme --enable-libgsm --enable-libjack --enable-libmp3lame --enable-libmysofa --enable-libopenjpeg --enable-libopenmpt --enable-libopus --enable-libpulse --enable-librabbitmq --enable-librubberband --enable-libshine --enable-libsnappy --enable-libsoxr --enable-libspeex --enable-libsrt --enable-libssh --enable-libtheora --enable-libtwolame --enable-libvidstab --enable-libvorbis --enable-libvpx --enable-libwebp --enable-libx265 --enable-libxml2 --enable-libxvid --enable-libzimg --enable-libzmq --enable-libzvbi --enable-lv2 --enable-omx --enable-openal --enable-opencl --enable-opengl --enable-sdl2 --enable-pocketsphinx --enable-librsvg --enable-libmfx --enable-libdc1394 --enable-libdrm --enable-libiec61883 --enable-chromaprint --enable-frei0r --enable-libx264 --enable-shared
  libavutil      56. 70.100 / 56. 70.100
  libavcodec     58.134.100 / 58.134.100
  libavformat    58. 76.100 / 58. 76.100
  libavdevice    58. 13.100 / 58. 13.100
  libavfilter     7.110.100 /  7.110.100
  libswscale      5.  9.100 /  5.  9.100
  libswresample   3.  9.100 /  3.  9.100
  libpostproc    55.  9.100 / 55.  9.100
Input #0, rawvideo, from 'pipe:':
  Duration: N/A, start: 0.000000, bitrate: 13824 kb/s
  Stream #0:0: Video: rawvideo (RGB[24] / 0x18424752), rgb24, 320x180, 13824 kb/s, 10 tbr, 10 tbn, 10 tbc
Stream mapping:
  Stream #0:0 -> #0:0 (rawvideo (native) -> h264 (libx264))
[libx264 @ 0x5bce992ce680] using cpu capabilities: MMX2 SSE2Fast SSSE3 SSE4.2 AVX FMA3 BMI2 AVX2 AVX512
[libx264 @ 0x5bce992ce680] profile High, level 1.2, 4:2:0, 8-bit
[libx264 @ 0x5bce992ce680] 264 - core 163 r3060 5db6aa6 - H.264/MPEG-4 AVC codec - Copyleft 2003-2021 - http://www.videolan.org/x264.html - options: cabac=1 ref=3 deblock=1:0:0 analyse=0x3:0x113 me=hex subme=7 psy=1 psy_rd=1.00:0.00 mixed_ref=1 me_range=16 chroma_me=1 trellis=1 8x8dct=1 cqm=0 deadzone=21,11 fast_pskip=1 chroma_qp_offset=-2 threads=6 lookahead_threads=1 sliced_threads=0 nr=0 decimate=1 interlaced=0 bluray_compat=0 constrained_intra=0 bframes=3 b_pyramid=2 b_adapt=1 b_bias=0 direct=1 weightb=1 open_gop=0 weightp=2 keyint=250 keyint_min=10 scenecut=40 intra_refresh=0 rc_lookahead=40 rc=crf mbtree=1 crf=23.0 qcomp=0.60 qpmin=0 qpmax=69 qpstep=4 ip_ratio=1.40 aq=1:1.00
Output #0, mp4, to 'eval_video/sdp/empty_cup_place_L515_50_seed0/1.mp4':
  Metadata:
    encoder         : Lavf58.76.100
  Stream #0:0: Video: h264 (avc1 / 0x31637661), yuv420p(tv, progressive), 320x180, q=2-31, 10 fps, 10240 tbn
    Metadata:
      encoder         : Lavc58.134.100 libx264
    Side data:
      cpb: bitrate max/min/avg: 0/0/0 buffer size: 0 vbv_delay: N/A
frame=    1 fps=0.0 q=0.0 size=       0kB time=00:00:00.00 bitrate=N/A speed=N/A    
Task name:  empty_cup_place
self.params_dict.keys() = dict_keys(['action', 'agent_pos', 'head_cam', 'front_cam', 'left_cam', 'right_cam'])
Normalizing key: head_cam
Normalizing key: front_cam
Normalizing key: left_cam
Normalizing key: right_cam
Normalizing key: agent_pos
Traceback (most recent call last):
  File "/data/user/xcs/yuhao/3d-aware/RoboTwin/./script/eval_policy_dp_vggt.py", line 229, in <module>
    main(usr_args)
  File "/data/user/xcs/yuhao/3d-aware/RoboTwin/./script/eval_policy_dp_vggt.py", line 189, in main
    st_seed, suc_num = test_policy(task_name, task, args, dp, st_seed, test_num=test_num)
  File "/data/user/xcs/yuhao/3d-aware/RoboTwin/./script/eval_policy_dp_vggt.py", line 118, in test_policy
    Demo_class.apply_dp_vggt(dp, args)
  File "/data/user/xcs/yuhao/3d-aware/RoboTwin/./envs/base_task.py", line 2346, in apply_dp_vggt
    actions = model.get_action()
  File "/data/user/xcs/yuhao/3d-aware/RoboTwin/./script/eval_policy_dp_vggt.py", line 57, in get_action
    action = self.runner.get_action(self.policy, observation)
  File "/data/user/xcs/yuhao/3d-aware/RoboTwin/./policy/SpatialDP/diffusion_policy/env_runner/dp_runner.py", line 220, in get_action
    action_dict = policy.predict_action(obs_dict_input,vggt_obs_dict_input)
  File "/data/user/xcs/yuhao/3d-aware/RoboTwin/./policy/SpatialDP/diffusion_policy/policy/diffusion_unet_image_policy.py", line 247, in predict_action
    nobs_features = self.obs_encoder(this_nobs, this_vggt_obs)
  File "/data/user/xcs/miniconda3/envs/vggt/lib/python3.10/site-packages/torch/nn/modules/module.py", line 1532, in _wrapped_call_impl
    return self._call_impl(*args, **kwargs)
  File "/data/user/xcs/miniconda3/envs/vggt/lib/python3.10/site-packages/torch/nn/modules/module.py", line 1541, in _call_impl
    return forward_call(*args, **kwargs)
  File "/data/user/xcs/yuhao/3d-aware/RoboTwin/./policy/SpatialDP/diffusion_policy/model/vision/multi_image_obs_encoder.py", line 202, in forward
    return self._forward_inference(obs_dict, original_obs_dict)
  File "/data/user/xcs/yuhao/3d-aware/RoboTwin/./policy/SpatialDP/diffusion_policy/model/vision/multi_image_obs_encoder.py", line 285, in _forward_inference
    batch_fast_vggt['head_img'] = vggt_obs_dict['original_head_cam']
KeyError: 'original_head_cam'
frame=    1 fps=0.0 q=25.0 Lsize=       3kB time=00:00:00.00 bitrate=281224.5kbits/s speed=0.000196x    
video:3kB audio:0kB subtitle:0kB other streams:0kB global headers:0kB muxing overhead: 31.438383%
[libx264 @ 0x5bce992ce680] frame I:1     Avg QP:21.77  size:  1932
[libx264 @ 0x5bce992ce680] mb I  I16..4: 22.5% 50.4% 27.1%
[libx264 @ 0x5bce992ce680] 8x8 transform intra:50.4%
[libx264 @ 0x5bce992ce680] coded y,uvDC,uvAC intra: 45.1% 43.3% 13.8%
[libx264 @ 0x5bce992ce680] i16 v,h,dc,p: 11% 67%  6% 17%
[libx264 @ 0x5bce992ce680] i8 v,h,dc,ddl,ddr,vr,hd,vl,hu: 33% 22% 20%  4%  4%  6%  5%  3%  2%
[libx264 @ 0x5bce992ce680] i4 v,h,dc,ddl,ddr,vr,hd,vl,hu: 35% 20% 17%  4%  4%  6%  3%  8%  3%
[libx264 @ 0x5bce992ce680] i8c dc,h,v,p: 63% 22% 12%  2%
[libx264 @ 0x5bce992ce680] kb/s:154.56
